Archive member included because of file (symbol)

c:/altera/13.0sp1/nios2eds/bin/gnu/h-i686-mingw32/bin/../lib/gcc/nios2-elf/4.1.2/mno-hw-mul\libgcc.a(lib2-divmod.o)
                              obj/default/hello_world_small.o (__divsi3)
c:/altera/13.0sp1/nios2eds/bin/gnu/h-i686-mingw32/bin/../lib/gcc/nios2-elf/4.1.2/../../../../nios2-elf/lib/mno-hw-mul\libsmallc.a(lib_a-printf.o)
                              obj/default/hello_world_small.o (printf)
c:/altera/13.0sp1/nios2eds/bin/gnu/h-i686-mingw32/bin/../lib/gcc/nios2-elf/4.1.2/../../../../nios2-elf/lib/mno-hw-mul\libsmallc.a(lib_a-puts.o)
                              obj/default/hello_world_small.o (puts)
c:/altera/13.0sp1/nios2eds/bin/gnu/h-i686-mingw32/bin/../lib/gcc/nios2-elf/4.1.2/../../../../nios2-elf/lib/mno-hw-mul\libsmallc.a(lib_a-strlen.o)
                              c:/altera/13.0sp1/nios2eds/bin/gnu/h-i686-mingw32/bin/../lib/gcc/nios2-elf/4.1.2/../../../../nios2-elf/lib/mno-hw-mul\libsmallc.a(lib_a-puts.o) (strlen)
c:/altera/13.0sp1/nios2eds/bin/gnu/h-i686-mingw32/bin/../lib/gcc/nios2-elf/4.1.2/../../../../nios2-elf/lib/mno-hw-mul\libsmallc.a(lib_a-vfprintf.o)
                              c:/altera/13.0sp1/nios2eds/bin/gnu/h-i686-mingw32/bin/../lib/gcc/nios2-elf/4.1.2/../../../../nios2-elf/lib/mno-hw-mul\libsmallc.a(lib_a-printf.o) (___vfprintf_internal_r)
c:/altera/13.0sp1/nios2eds/bin/gnu/h-i686-mingw32/bin/../lib/gcc/nios2-elf/4.1.2/../../../../nios2-elf/lib/mno-hw-mul\libsmallc.a(lib_a-fvwrite_small_dev.o)
                              c:/altera/13.0sp1/nios2eds/bin/gnu/h-i686-mingw32/bin/../lib/gcc/nios2-elf/4.1.2/../../../../nios2-elf/lib/mno-hw-mul\libsmallc.a(lib_a-printf.o) (__sfvwrite_small_dev)
c:/altera/13.0sp1/nios2eds/bin/gnu/h-i686-mingw32/bin/../lib/gcc/nios2-elf/4.1.2/../../../../nios2-elf/lib/mno-hw-mul\libsmallc.a(lib_a-impure.o)
                              c:/altera/13.0sp1/nios2eds/bin/gnu/h-i686-mingw32/bin/../lib/gcc/nios2-elf/4.1.2/../../../../nios2-elf/lib/mno-hw-mul\libsmallc.a(lib_a-printf.o) (_impure_ptr)
c:/altera/13.0sp1/nios2eds/bin/gnu/h-i686-mingw32/bin/../lib/gcc/nios2-elf/4.1.2/../../../../nios2-elf/lib/mno-hw-mul\libsmallc.a(lib_a-writer.o)
                              c:/altera/13.0sp1/nios2eds/bin/gnu/h-i686-mingw32/bin/../lib/gcc/nios2-elf/4.1.2/../../../../nios2-elf/lib/mno-hw-mul\libsmallc.a(lib_a-fvwrite_small_dev.o) (_write_r)
c:/altera/13.0sp1/nios2eds/bin/gnu/h-i686-mingw32/bin/../lib/gcc/nios2-elf/4.1.2/../../../../nios2-elf/lib/mno-hw-mul\libsmallc.a(lib_a-int_errno.o)
                              c:/altera/13.0sp1/nios2eds/bin/gnu/h-i686-mingw32/bin/../lib/gcc/nios2-elf/4.1.2/../../../../nios2-elf/lib/mno-hw-mul\libsmallc.a(lib_a-writer.o) (errno)
c:/altera/13.0sp1/nios2eds/bin/gnu/h-i686-mingw32/bin/../lib/gcc/nios2-elf/4.1.2/mno-hw-mul\libgcc.a(lib2-mul.o)
                              c:/altera/13.0sp1/nios2eds/bin/gnu/h-i686-mingw32/bin/../lib/gcc/nios2-elf/4.1.2/../../../../nios2-elf/lib/mno-hw-mul\libsmallc.a(lib_a-vfprintf.o) (__mulsi3)
../nios2_tp2_bsp/\libhal_bsp.a(alt_irq_register.o)
                              obj/default/hello_world_small.o (alt_irq_register)
../nios2_tp2_bsp/\libhal_bsp.a(alt_irq_vars.o)
                              ../nios2_tp2_bsp/\libhal_bsp.a(alt_irq_register.o) (alt_irq_active)
../nios2_tp2_bsp/\libhal_bsp.a(alt_load.o)
                              ../nios2_tp2_bsp//obj/HAL/src/crt0.o (alt_load)
../nios2_tp2_bsp/\libhal_bsp.a(alt_main.o)
                              ../nios2_tp2_bsp//obj/HAL/src/crt0.o (alt_main)
../nios2_tp2_bsp/\libhal_bsp.a(alt_usleep.o)
                              obj/default/hello_world_small.o (usleep)
../nios2_tp2_bsp/\libhal_bsp.a(alt_write.o)
                              c:/altera/13.0sp1/nios2eds/bin/gnu/h-i686-mingw32/bin/../lib/gcc/nios2-elf/4.1.2/../../../../nios2-elf/lib/mno-hw-mul\libsmallc.a(lib_a-writer.o) (write)
../nios2_tp2_bsp/\libhal_bsp.a(alt_sys_init.o)
                              ../nios2_tp2_bsp/\libhal_bsp.a(alt_main.o) (alt_sys_init)
../nios2_tp2_bsp/\libhal_bsp.a(altera_avalon_jtag_uart_write.o)
                              ../nios2_tp2_bsp/\libhal_bsp.a(alt_write.o) (altera_avalon_jtag_uart_write)
../nios2_tp2_bsp/\libhal_bsp.a(alt_busy_sleep.o)
                              ../nios2_tp2_bsp/\libhal_bsp.a(alt_usleep.o) (alt_busy_sleep)
../nios2_tp2_bsp/\libhal_bsp.a(alt_dcache_flush_all.o)
                              ../nios2_tp2_bsp/\libhal_bsp.a(alt_load.o) (alt_dcache_flush_all)
../nios2_tp2_bsp/\libhal_bsp.a(alt_dev.o)
                              ../nios2_tp2_bsp/\libhal_bsp.a(alt_sys_init.o) (alt_dev_list)
../nios2_tp2_bsp/\libhal_bsp.a(alt_dev_llist_insert.o)
                              ../nios2_tp2_bsp/\libhal_bsp.a(alt_sys_init.o) (alt_dev_llist_insert)
../nios2_tp2_bsp/\libhal_bsp.a(alt_errno.o)
                              ../nios2_tp2_bsp/\libhal_bsp.a(alt_write.o) (alt_errno)
../nios2_tp2_bsp/\libhal_bsp.a(alt_icache_flush_all.o)
                              ../nios2_tp2_bsp/\libhal_bsp.a(alt_load.o) (alt_icache_flush_all)
../nios2_tp2_bsp/\libhal_bsp.a(alt_irq_entry.o)
                              ../nios2_tp2_bsp/\libhal_bsp.a(alt_irq_register.o) (alt_irq_entry)
../nios2_tp2_bsp/\libhal_bsp.a(alt_irq_handler.o)
                              ../nios2_tp2_bsp/\libhal_bsp.a(alt_irq_register.o) (alt_irq_handler)
../nios2_tp2_bsp/\libhal_bsp.a(altera_nios2_qsys_irq.o)
                              ../nios2_tp2_bsp/\libhal_bsp.a(alt_sys_init.o) (altera_nios2_qsys_irq_init)
../nios2_tp2_bsp/\libhal_bsp.a(alt_exception_entry.o)
                              ../nios2_tp2_bsp/\libhal_bsp.a(alt_irq_entry.o) (alt_exception)

Allocating common symbols
Common symbol       size              file

alt_irq             0x100             ../nios2_tp2_bsp/\libhal_bsp.a(alt_irq_handler.o)
edge_capture        0x4               obj/default/hello_world_small.o
errno               0x4               c:/altera/13.0sp1/nios2eds/bin/gnu/h-i686-mingw32/bin/../lib/gcc/nios2-elf/4.1.2/../../../../nios2-elf/lib/mno-hw-mul\libsmallc.a(lib_a-int_errno.o)

Memory Configuration

Name             Origin             Length             Attributes
reset            0x00800000         0x00000020
SDRAM_controller 0x00800020         0x007fffe0
*default*        0x00000000         0xffffffff

Linker script and memory map

LOAD ../nios2_tp2_bsp//obj/HAL/src/crt0.o
                0x0080000c                exit = _exit
LOAD obj/default/hello_world_small.o
LOAD c:/altera/13.0sp1/nios2eds/bin/gnu/h-i686-mingw32/bin/../lib/gcc/nios2-elf/4.1.2/../../../../nios2-elf/lib/mno-hw-mul\libstdc++.a
LOAD c:/altera/13.0sp1/nios2eds/bin/gnu/h-i686-mingw32/bin/../lib/gcc/nios2-elf/4.1.2/../../../../nios2-elf/lib/mno-hw-mul\libm.a
LOAD c:/altera/13.0sp1/nios2eds/bin/gnu/h-i686-mingw32/bin/../lib/gcc/nios2-elf/4.1.2/mno-hw-mul\libgcc.a
START GROUP
LOAD c:/altera/13.0sp1/nios2eds/bin/gnu/h-i686-mingw32/bin/../lib/gcc/nios2-elf/4.1.2/../../../../nios2-elf/lib/mno-hw-mul\libsmallc.a
LOAD c:/altera/13.0sp1/nios2eds/bin/gnu/h-i686-mingw32/bin/../lib/gcc/nios2-elf/4.1.2/mno-hw-mul\libgcc.a
LOAD ../nios2_tp2_bsp/\libhal_bsp.a
END GROUP
LOAD c:/altera/13.0sp1/nios2eds/bin/gnu/h-i686-mingw32/bin/../lib/gcc/nios2-elf/4.1.2/mno-hw-mul\libgcc.a
                0x00800000                __alt_mem_SDRAM_controller = 0x800000

.entry          0x00800000       0x20
 *(.entry)
 .entry         0x00800000       0x20 ../nios2_tp2_bsp//obj/HAL/src/crt0.o
                0x00800000                __reset
                0x0080000c                _exit

.exceptions     0x00800020      0x128
                0x00800020                PROVIDE (__ram_exceptions_start, ABSOLUTE (.))
                0x00800020                . = ALIGN (0x20)
 *(.irq)
 *(.exceptions.entry.label)
 .exceptions.entry.label
                0x00800020        0x0 ../nios2_tp2_bsp/\libhal_bsp.a(alt_irq_entry.o)
                0x00800020                alt_irq_entry
 .exceptions.entry.label
                0x00800020        0x0 ../nios2_tp2_bsp/\libhal_bsp.a(alt_exception_entry.o)
                0x00800020                alt_exception
 *(.exceptions.entry.user)
 *(.exceptions.entry)
 .exceptions.entry
                0x00800020       0x54 ../nios2_tp2_bsp/\libhal_bsp.a(alt_exception_entry.o)
 *(.exceptions.irqtest.user)
 *(.exceptions.irqtest)
 .exceptions.irqtest
                0x00800074       0x10 ../nios2_tp2_bsp/\libhal_bsp.a(alt_irq_entry.o)
 *(.exceptions.irqhandler.user)
 *(.exceptions.irqhandler)
 .exceptions.irqhandler
                0x00800084        0x4 ../nios2_tp2_bsp/\libhal_bsp.a(alt_irq_entry.o)
 *(.exceptions.irqreturn.user)
 *(.exceptions.irqreturn)
 .exceptions.irqreturn
                0x00800088        0x4 ../nios2_tp2_bsp/\libhal_bsp.a(alt_irq_entry.o)
 *(.exceptions.notirq.label)
 .exceptions.notirq.label
                0x0080008c        0x0 ../nios2_tp2_bsp/\libhal_bsp.a(alt_irq_entry.o)
 *(.exceptions.notirq.user)
 *(.exceptions.notirq)
 .exceptions.notirq
                0x0080008c        0x8 ../nios2_tp2_bsp/\libhal_bsp.a(alt_exception_entry.o)
 *(.exceptions.soft.user)
 *(.exceptions.soft)
 *(.exceptions.unknown.user)
 *(.exceptions.unknown)
 .exceptions.unknown
                0x00800094        0x4 ../nios2_tp2_bsp/\libhal_bsp.a(alt_exception_entry.o)
 *(.exceptions.exit.label)
 .exceptions.exit.label
                0x00800098        0x0 ../nios2_tp2_bsp/\libhal_bsp.a(alt_irq_entry.o)
 .exceptions.exit.label
                0x00800098        0x0 ../nios2_tp2_bsp/\libhal_bsp.a(alt_exception_entry.o)
 *(.exceptions.exit.user)
 *(.exceptions.exit)
 .exceptions.exit
                0x00800098       0x54 ../nios2_tp2_bsp/\libhal_bsp.a(alt_exception_entry.o)
 *(.exceptions)
 .exceptions    0x008000ec       0x5c ../nios2_tp2_bsp/\libhal_bsp.a(alt_irq_handler.o)
                0x008000ec                alt_irq_handler
                0x00800148                PROVIDE (__ram_exceptions_end, ABSOLUTE (.))
                0x00800020                PROVIDE (__flash_exceptions_start, LOADADDR (.exceptions))

.text           0x00800148     0x1130
                0x00800148                PROVIDE (stext, ABSOLUTE (.))
 *(.interp)
 *(.hash)
 *(.dynsym)
 *(.dynstr)
 *(.gnu.version)
 *(.gnu.version_d)
 *(.gnu.version_r)
 *(.rel.init)
 *(.rela.init)
 *(.rel.text .rel.text.* .rel.gnu.linkonce.t.*)
 *(.rela.text .rela.text.* .rela.gnu.linkonce.t.*)
 *(.rel.fini)
 *(.rela.fini)
 *(.rel.rodata .rel.rodata.* .rel.gnu.linkonce.r.*)
 *(.rela.rodata .rela.rodata.* .rela.gnu.linkonce.r.*)
 *(.rel.data .rel.data.* .rel.gnu.linkonce.d.*)
 *(.rela.data .rela.data.* .rela.gnu.linkonce.d.*)
 *(.rel.tdata .rel.tdata.* .rel.gnu.linkonce.td.*)
 *(.rela.tdata .rela.tdata.* .rela.gnu.linkonce.td.*)
 *(.rel.tbss .rel.tbss.* .rel.gnu.linkonce.tb.*)
 *(.rela.tbss .rela.tbss.* .rela.gnu.linkonce.tb.*)
 *(.rel.ctors)
 *(.rela.ctors)
 *(.rel.dtors)
 *(.rela.dtors)
 *(.rel.got)
 *(.rela.got)
 *(.rel.sdata .rel.sdata.* .rel.gnu.linkonce.s.*)
 *(.rela.sdata .rela.sdata.* .rela.gnu.linkonce.s.*)
 *(.rel.sbss .rel.sbss.* .rel.gnu.linkonce.sb.*)
 *(.rela.sbss .rela.sbss.* .rela.gnu.linkonce.sb.*)
 *(.rel.sdata2 .rel.sdata2.* .rel.gnu.linkonce.s2.*)
 *(.rela.sdata2 .rela.sdata2.* .rela.gnu.linkonce.s2.*)
 *(.rel.sbss2 .rel.sbss2.* .rel.gnu.linkonce.sb2.*)
 *(.rela.sbss2 .rela.sbss2.* .rela.gnu.linkonce.sb2.*)
 *(.rel.bss .rel.bss.* .rel.gnu.linkonce.b.*)
 *(.rela.bss .rela.bss.* .rela.gnu.linkonce.b.*)
 *(.rel.plt)
 *(.rela.plt)
 *(.rel.dyn)
 *(.init)
 *(.plt)
 *(.text .stub .text.* .gnu.linkonce.t.*)
 .text          0x00800148       0x3c ../nios2_tp2_bsp//obj/HAL/src/crt0.o
                0x00800148                _start
 .text          0x00800184      0x20c obj/default/hello_world_small.o
                0x00800184                init_key
                0x008001a8                main
                0x00800310                handle_key_interrupts
 .text          0x00800390      0x14c c:/altera/13.0sp1/nios2eds/bin/gnu/h-i686-mingw32/bin/../lib/gcc/nios2-elf/4.1.2/mno-hw-mul\libgcc.a(lib2-divmod.o)
                0x0080040c                __divsi3
                0x0080046c                __modsi3
                0x008004cc                __udivsi3
                0x008004d4                __umodsi3
 .text          0x008004dc       0x98 c:/altera/13.0sp1/nios2eds/bin/gnu/h-i686-mingw32/bin/../lib/gcc/nios2-elf/4.1.2/../../../../nios2-elf/lib/mno-hw-mul\libsmallc.a(lib_a-printf.o)
                0x008004dc                printf
                0x00800530                _printf_r
 .text          0x00800574       0xa4 c:/altera/13.0sp1/nios2eds/bin/gnu/h-i686-mingw32/bin/../lib/gcc/nios2-elf/4.1.2/../../../../nios2-elf/lib/mno-hw-mul\libsmallc.a(lib_a-puts.o)
                0x00800574                _puts_r
                0x00800604                puts
 .text          0x00800618       0x20 c:/altera/13.0sp1/nios2eds/bin/gnu/h-i686-mingw32/bin/../lib/gcc/nios2-elf/4.1.2/../../../../nios2-elf/lib/mno-hw-mul\libsmallc.a(lib_a-strlen.o)
                0x00800618                strlen
 .text          0x00800638      0x740 c:/altera/13.0sp1/nios2eds/bin/gnu/h-i686-mingw32/bin/../lib/gcc/nios2-elf/4.1.2/../../../../nios2-elf/lib/mno-hw-mul\libsmallc.a(lib_a-vfprintf.o)
                0x008006b8                ___vfprintf_internal_r
                0x00800d54                __vfprintf_internal
 .text          0x00800d78       0xbc c:/altera/13.0sp1/nios2eds/bin/gnu/h-i686-mingw32/bin/../lib/gcc/nios2-elf/4.1.2/../../../../nios2-elf/lib/mno-hw-mul\libsmallc.a(lib_a-fvwrite_small_dev.o)
                0x00800d78                __sfvwrite_small_dev
 .text          0x00800e34        0x0 c:/altera/13.0sp1/nios2eds/bin/gnu/h-i686-mingw32/bin/../lib/gcc/nios2-elf/4.1.2/../../../../nios2-elf/lib/mno-hw-mul\libsmallc.a(lib_a-impure.o)
 .text          0x00800e34       0x78 c:/altera/13.0sp1/nios2eds/bin/gnu/h-i686-mingw32/bin/../lib/gcc/nios2-elf/4.1.2/../../../../nios2-elf/lib/mno-hw-mul\libsmallc.a(lib_a-writer.o)
                0x00800e34                _write_r
 .text          0x00800eac        0x0 c:/altera/13.0sp1/nios2eds/bin/gnu/h-i686-mingw32/bin/../lib/gcc/nios2-elf/4.1.2/../../../../nios2-elf/lib/mno-hw-mul\libsmallc.a(lib_a-int_errno.o)
 .text          0x00800eac       0x38 c:/altera/13.0sp1/nios2eds/bin/gnu/h-i686-mingw32/bin/../lib/gcc/nios2-elf/4.1.2/mno-hw-mul\libgcc.a(lib2-mul.o)
                0x00800eac                __mulsi3
 .text          0x00800ee4       0xa0 ../nios2_tp2_bsp/\libhal_bsp.a(alt_irq_register.o)
                0x00800ee4                alt_irq_register
 .text          0x00800f84        0x0 ../nios2_tp2_bsp/\libhal_bsp.a(alt_irq_vars.o)
 .text          0x00800f84       0x8c ../nios2_tp2_bsp/\libhal_bsp.a(alt_load.o)
                0x00800fa4                alt_load
 .text          0x00801010       0x2c ../nios2_tp2_bsp/\libhal_bsp.a(alt_main.o)
                0x00801010                alt_main
 .text          0x0080103c        0x4 ../nios2_tp2_bsp/\libhal_bsp.a(alt_usleep.o)
                0x0080103c                usleep
 .text          0x00801040       0x78 ../nios2_tp2_bsp/\libhal_bsp.a(alt_write.o)
                0x00801040                write
 .text          0x008010b8       0x78 ../nios2_tp2_bsp/\libhal_bsp.a(alt_sys_init.o)
                0x008010c4                alt_sys_init
                0x00801110                alt_irq_init
 .text          0x00801130       0x34 ../nios2_tp2_bsp/\libhal_bsp.a(altera_avalon_jtag_uart_write.o)
                0x00801130                altera_avalon_jtag_uart_write
 .text          0x00801164       0x8c ../nios2_tp2_bsp/\libhal_bsp.a(alt_busy_sleep.o)
                0x00801164                alt_busy_sleep
 .text          0x008011f0        0x4 ../nios2_tp2_bsp/\libhal_bsp.a(alt_dcache_flush_all.o)
                0x008011f0                alt_dcache_flush_all
 .text          0x008011f4        0x8 ../nios2_tp2_bsp/\libhal_bsp.a(alt_dev.o)
 .text          0x008011fc       0x70 ../nios2_tp2_bsp/\libhal_bsp.a(alt_dev_llist_insert.o)
                0x008011fc                alt_dev_llist_insert
 .text          0x0080126c        0x0 ../nios2_tp2_bsp/\libhal_bsp.a(alt_errno.o)
 .text          0x0080126c        0x4 ../nios2_tp2_bsp/\libhal_bsp.a(alt_icache_flush_all.o)
                0x0080126c                alt_icache_flush_all
 .text          0x00801270        0x0 ../nios2_tp2_bsp/\libhal_bsp.a(alt_irq_entry.o)
 .text          0x00801270        0x0 ../nios2_tp2_bsp/\libhal_bsp.a(alt_irq_handler.o)
 .text          0x00801270        0x8 ../nios2_tp2_bsp/\libhal_bsp.a(altera_nios2_qsys_irq.o)
                0x00801270                altera_nios2_qsys_irq_init
 .text          0x00801278        0x0 ../nios2_tp2_bsp/\libhal_bsp.a(alt_exception_entry.o)
 *(.gnu.warning.*)
 *(.fini)
                0x00801278                PROVIDE (__etext, ABSOLUTE (.))
                0x00801278                PROVIDE (_etext, ABSOLUTE (.))
                0x00801278                PROVIDE (etext, ABSOLUTE (.))
 *(.eh_frame_hdr)
                0x00801278                . = ALIGN (0x4)
                0x00801278                PROVIDE (__preinit_array_start, ABSOLUTE (.))
 *(.preinit_array)
                0x00801278                PROVIDE (__preinit_array_end, ABSOLUTE (.))
                0x00801278                PROVIDE (__init_array_start, ABSOLUTE (.))
 *(.init_array)
                0x00801278                PROVIDE (__init_array_end, ABSOLUTE (.))
                0x00801278                PROVIDE (__fini_array_start, ABSOLUTE (.))
 *(.fini_array)
                0x00801278                PROVIDE (__fini_array_end, ABSOLUTE (.))
 *(.eh_frame)
 *(.gcc_except_table)
 *(.dynamic)
                0x00801278                PROVIDE (__CTOR_LIST__, ABSOLUTE (.))
 *(.ctors)
 *(SORT(.ctors.*))
                0x00801278                PROVIDE (__CTOR_END__, ABSOLUTE (.))
                0x00801278                PROVIDE (__DTOR_LIST__, ABSOLUTE (.))
 *(.dtors)
 *(SORT(.dtors.*))
                0x00801278                PROVIDE (__DTOR_END__, ABSOLUTE (.))
 *(.jcr)
                0x00801278                . = ALIGN (0x4)

.rodata         0x00801278       0x90
                0x00801278                PROVIDE (__ram_rodata_start, ABSOLUTE (.))
                0x00801278                . = ALIGN (0x4)
 *(.rodata .rodata.* .gnu.linkonce.r.*)
 .rodata.str1.4
                0x00801278       0x48 obj/default/hello_world_small.o
 .rodata.str1.4
                0x008012c0        0x2 c:/altera/13.0sp1/nios2eds/bin/gnu/h-i686-mingw32/bin/../lib/gcc/nios2-elf/4.1.2/../../../../nios2-elf/lib/mno-hw-mul\libsmallc.a(lib_a-puts.o)
                                  0x4 (size before relaxing)
 *fill*         0x008012c2        0x2 00
 .rodata.str1.4
                0x008012c4       0x38 ../nios2_tp2_bsp/\libhal_bsp.a(alt_sys_init.o)
 .rodata.str1.4
                0x008012fc        0xc ../nios2_tp2_bsp/\libhal_bsp.a(alt_dev.o)
 *(.rodata1)
                0x00801308                . = ALIGN (0x4)
                0x00801308                PROVIDE (__ram_rodata_end, ABSOLUTE (.))
                0x00801278                PROVIDE (__flash_rodata_start, LOADADDR (.rodata))

.rwdata         0x00801308      0x258 load address 0x00801560
                0x00801308                PROVIDE (__ram_rwdata_start, ABSOLUTE (.))
                0x00801308                . = ALIGN (0x4)
 *(.got.plt)
 *(.got)
 *(.data1)
 *(.data .data.* .gnu.linkonce.d.*)
 .data          0x00801308        0x0 ../nios2_tp2_bsp//obj/HAL/src/crt0.o
 .data          0x00801308       0x10 obj/default/hello_world_small.o
                0x00801308                seven_S
 .data          0x00801318        0x0 c:/altera/13.0sp1/nios2eds/bin/gnu/h-i686-mingw32/bin/../lib/gcc/nios2-elf/4.1.2/mno-hw-mul\libgcc.a(lib2-divmod.o)
 .data          0x00801318        0x0 c:/altera/13.0sp1/nios2eds/bin/gnu/h-i686-mingw32/bin/../lib/gcc/nios2-elf/4.1.2/../../../../nios2-elf/lib/mno-hw-mul\libsmallc.a(lib_a-printf.o)
 .data          0x00801318        0x0 c:/altera/13.0sp1/nios2eds/bin/gnu/h-i686-mingw32/bin/../lib/gcc/nios2-elf/4.1.2/../../../../nios2-elf/lib/mno-hw-mul\libsmallc.a(lib_a-puts.o)
 .data          0x00801318        0x0 c:/altera/13.0sp1/nios2eds/bin/gnu/h-i686-mingw32/bin/../lib/gcc/nios2-elf/4.1.2/../../../../nios2-elf/lib/mno-hw-mul\libsmallc.a(lib_a-strlen.o)
 .data          0x00801318        0x0 c:/altera/13.0sp1/nios2eds/bin/gnu/h-i686-mingw32/bin/../lib/gcc/nios2-elf/4.1.2/../../../../nios2-elf/lib/mno-hw-mul\libsmallc.a(lib_a-vfprintf.o)
 .data          0x00801318        0x0 c:/altera/13.0sp1/nios2eds/bin/gnu/h-i686-mingw32/bin/../lib/gcc/nios2-elf/4.1.2/../../../../nios2-elf/lib/mno-hw-mul\libsmallc.a(lib_a-fvwrite_small_dev.o)
 .data          0x00801318       0xe0 c:/altera/13.0sp1/nios2eds/bin/gnu/h-i686-mingw32/bin/../lib/gcc/nios2-elf/4.1.2/../../../../nios2-elf/lib/mno-hw-mul\libsmallc.a(lib_a-impure.o)
 .data          0x008013f8        0x0 c:/altera/13.0sp1/nios2eds/bin/gnu/h-i686-mingw32/bin/../lib/gcc/nios2-elf/4.1.2/../../../../nios2-elf/lib/mno-hw-mul\libsmallc.a(lib_a-writer.o)
 .data          0x008013f8        0x0 c:/altera/13.0sp1/nios2eds/bin/gnu/h-i686-mingw32/bin/../lib/gcc/nios2-elf/4.1.2/../../../../nios2-elf/lib/mno-hw-mul\libsmallc.a(lib_a-int_errno.o)
 .data          0x008013f8        0x0 c:/altera/13.0sp1/nios2eds/bin/gnu/h-i686-mingw32/bin/../lib/gcc/nios2-elf/4.1.2/mno-hw-mul\libgcc.a(lib2-mul.o)
 .data          0x008013f8        0x0 ../nios2_tp2_bsp/\libhal_bsp.a(alt_irq_register.o)
 .data          0x008013f8        0x0 ../nios2_tp2_bsp/\libhal_bsp.a(alt_irq_vars.o)
 .data          0x008013f8        0x0 ../nios2_tp2_bsp/\libhal_bsp.a(alt_load.o)
 .data          0x008013f8        0x0 ../nios2_tp2_bsp/\libhal_bsp.a(alt_main.o)
 .data          0x008013f8        0x0 ../nios2_tp2_bsp/\libhal_bsp.a(alt_usleep.o)
 .data          0x008013f8        0x0 ../nios2_tp2_bsp/\libhal_bsp.a(alt_write.o)
 .data          0x008013f8       0xdc ../nios2_tp2_bsp/\libhal_bsp.a(alt_sys_init.o)
 .data          0x008014d4        0x0 ../nios2_tp2_bsp/\libhal_bsp.a(altera_avalon_jtag_uart_write.o)
 .data          0x008014d4        0x0 ../nios2_tp2_bsp/\libhal_bsp.a(alt_busy_sleep.o)
 .data          0x008014d4        0x0 ../nios2_tp2_bsp/\libhal_bsp.a(alt_dcache_flush_all.o)
 .data          0x008014d4       0x58 ../nios2_tp2_bsp/\libhal_bsp.a(alt_dev.o)
                0x008014d4                alt_dev_null
                0x008014fc                alt_fd_list
 .data          0x0080152c        0x0 ../nios2_tp2_bsp/\libhal_bsp.a(alt_dev_llist_insert.o)
 .data          0x0080152c        0x0 ../nios2_tp2_bsp/\libhal_bsp.a(alt_errno.o)
 .data          0x0080152c        0x0 ../nios2_tp2_bsp/\libhal_bsp.a(alt_icache_flush_all.o)
 .data          0x0080152c        0x0 ../nios2_tp2_bsp/\libhal_bsp.a(alt_irq_entry.o)
 .data          0x0080152c        0x0 ../nios2_tp2_bsp/\libhal_bsp.a(alt_irq_handler.o)
 .data          0x0080152c        0x0 ../nios2_tp2_bsp/\libhal_bsp.a(altera_nios2_qsys_irq.o)
 .data          0x0080152c        0x0 ../nios2_tp2_bsp/\libhal_bsp.a(alt_exception_entry.o)
                0x0080952c                _gp = ABSOLUTE ((. + 0x8000))
                0x0080952c                PROVIDE (gp, _gp)
 *(.rwdata .rwdata.*)
 *(.sdata .sdata.* .gnu.linkonce.s.*)
 .sdata         0x0080152c        0xc obj/default/hello_world_small.o
                0x0080152c                key_ptr
                0x00801530                HEX_ptr
                0x00801534                s
 .sdata         0x00801538        0x8 c:/altera/13.0sp1/nios2eds/bin/gnu/h-i686-mingw32/bin/../lib/gcc/nios2-elf/4.1.2/../../../../nios2-elf/lib/mno-hw-mul\libsmallc.a(lib_a-impure.o)
                0x00801538                _impure_ptr
                0x0080153c                _global_impure_ptr
 .sdata         0x00801540        0x4 ../nios2_tp2_bsp/\libhal_bsp.a(alt_irq_vars.o)
                0x00801540                alt_priority_mask
 .sdata         0x00801544        0x4 ../nios2_tp2_bsp/\libhal_bsp.a(alt_sys_init.o)
                0x00801544                JTAG_UART
 .sdata         0x00801548       0x14 ../nios2_tp2_bsp/\libhal_bsp.a(alt_dev.o)
                0x00801548                alt_fs_list
                0x00801550                alt_dev_list
                0x00801558                alt_max_fd
 .sdata         0x0080155c        0x4 ../nios2_tp2_bsp/\libhal_bsp.a(alt_errno.o)
                0x0080155c                alt_errno
 *(.sdata2 .sdata2.* .gnu.linkonce.s2.*)
                0x00801560                . = ALIGN (0x4)
                0x00801560                _edata = ABSOLUTE (.)
                0x00801560                PROVIDE (edata, ABSOLUTE (.))
                0x00801560                PROVIDE (__ram_rwdata_end, ABSOLUTE (.))
                0x00801560                PROVIDE (__flash_rwdata_start, LOADADDR (.rwdata))

.bss            0x008017b8      0x128
                0x008017b8                __bss_start = ABSOLUTE (.)
                0x008017b8                PROVIDE (__sbss_start, ABSOLUTE (.))
                0x008017b8                PROVIDE (___sbss_start, ABSOLUTE (.))
 *(.dynsbss)
 *(.sbss .sbss.* .gnu.linkonce.sb.*)
 .sbss          0x008017b8       0x10 obj/default/hello_world_small.o
                0x008017b8                hex_segments
                0x008017c0                m
                0x008017c4                h
 .sbss          0x008017c8        0x4 obj/default/hello_world_small.o
                0x008017c8                edge_capture
 .sbss          0x008017cc        0x4 c:/altera/13.0sp1/nios2eds/bin/gnu/h-i686-mingw32/bin/../lib/gcc/nios2-elf/4.1.2/../../../../nios2-elf/lib/mno-hw-mul\libsmallc.a(lib_a-int_errno.o)
                0x008017cc                errno
 .sbss          0x008017d0        0x4 ../nios2_tp2_bsp/\libhal_bsp.a(alt_irq_vars.o)
                0x008017d0                alt_irq_active
 .sbss          0x008017d4        0xc ../nios2_tp2_bsp/\libhal_bsp.a(alt_main.o)
                0x008017d4                alt_argc
                0x008017d8                alt_argv
                0x008017dc                alt_envp
 *(.sbss2 .sbss2.* .gnu.linkonce.sb2.*)
 *(.scommon)
                0x008017e0                PROVIDE (__sbss_end, ABSOLUTE (.))
                0x008017e0                PROVIDE (___sbss_end, ABSOLUTE (.))
 *(.dynbss)
 *(.bss .bss.* .gnu.linkonce.b.*)
 .bss           0x008017e0        0x0 ../nios2_tp2_bsp//obj/HAL/src/crt0.o
 .bss           0x008017e0        0x0 obj/default/hello_world_small.o
 .bss           0x008017e0        0x0 c:/altera/13.0sp1/nios2eds/bin/gnu/h-i686-mingw32/bin/../lib/gcc/nios2-elf/4.1.2/mno-hw-mul\libgcc.a(lib2-divmod.o)
 .bss           0x008017e0        0x0 c:/altera/13.0sp1/nios2eds/bin/gnu/h-i686-mingw32/bin/../lib/gcc/nios2-elf/4.1.2/../../../../nios2-elf/lib/mno-hw-mul\libsmallc.a(lib_a-printf.o)
 .bss           0x008017e0        0x0 c:/altera/13.0sp1/nios2eds/bin/gnu/h-i686-mingw32/bin/../lib/gcc/nios2-elf/4.1.2/../../../../nios2-elf/lib/mno-hw-mul\libsmallc.a(lib_a-puts.o)
 .bss           0x008017e0        0x0 c:/altera/13.0sp1/nios2eds/bin/gnu/h-i686-mingw32/bin/../lib/gcc/nios2-elf/4.1.2/../../../../nios2-elf/lib/mno-hw-mul\libsmallc.a(lib_a-strlen.o)
 .bss           0x008017e0        0x0 c:/altera/13.0sp1/nios2eds/bin/gnu/h-i686-mingw32/bin/../lib/gcc/nios2-elf/4.1.2/../../../../nios2-elf/lib/mno-hw-mul\libsmallc.a(lib_a-vfprintf.o)
 .bss           0x008017e0        0x0 c:/altera/13.0sp1/nios2eds/bin/gnu/h-i686-mingw32/bin/../lib/gcc/nios2-elf/4.1.2/../../../../nios2-elf/lib/mno-hw-mul\libsmallc.a(lib_a-fvwrite_small_dev.o)
 .bss           0x008017e0        0x0 c:/altera/13.0sp1/nios2eds/bin/gnu/h-i686-mingw32/bin/../lib/gcc/nios2-elf/4.1.2/../../../../nios2-elf/lib/mno-hw-mul\libsmallc.a(lib_a-impure.o)
 .bss           0x008017e0        0x0 c:/altera/13.0sp1/nios2eds/bin/gnu/h-i686-mingw32/bin/../lib/gcc/nios2-elf/4.1.2/../../../../nios2-elf/lib/mno-hw-mul\libsmallc.a(lib_a-writer.o)
 .bss           0x008017e0        0x0 c:/altera/13.0sp1/nios2eds/bin/gnu/h-i686-mingw32/bin/../lib/gcc/nios2-elf/4.1.2/../../../../nios2-elf/lib/mno-hw-mul\libsmallc.a(lib_a-int_errno.o)
 .bss           0x008017e0        0x0 c:/altera/13.0sp1/nios2eds/bin/gnu/h-i686-mingw32/bin/../lib/gcc/nios2-elf/4.1.2/mno-hw-mul\libgcc.a(lib2-mul.o)
 .bss           0x008017e0        0x0 ../nios2_tp2_bsp/\libhal_bsp.a(alt_irq_register.o)
 .bss           0x008017e0        0x0 ../nios2_tp2_bsp/\libhal_bsp.a(alt_irq_vars.o)
 .bss           0x008017e0        0x0 ../nios2_tp2_bsp/\libhal_bsp.a(alt_load.o)
 .bss           0x008017e0        0x0 ../nios2_tp2_bsp/\libhal_bsp.a(alt_main.o)
 .bss           0x008017e0        0x0 ../nios2_tp2_bsp/\libhal_bsp.a(alt_usleep.o)
 .bss           0x008017e0        0x0 ../nios2_tp2_bsp/\libhal_bsp.a(alt_write.o)
 .bss           0x008017e0        0x0 ../nios2_tp2_bsp/\libhal_bsp.a(alt_sys_init.o)
 .bss           0x008017e0        0x0 ../nios2_tp2_bsp/\libhal_bsp.a(altera_avalon_jtag_uart_write.o)
 .bss           0x008017e0        0x0 ../nios2_tp2_bsp/\libhal_bsp.a(alt_busy_sleep.o)
 .bss           0x008017e0        0x0 ../nios2_tp2_bsp/\libhal_bsp.a(alt_dcache_flush_all.o)
 .bss           0x008017e0        0x0 ../nios2_tp2_bsp/\libhal_bsp.a(alt_dev.o)
 .bss           0x008017e0        0x0 ../nios2_tp2_bsp/\libhal_bsp.a(alt_dev_llist_insert.o)
 .bss           0x008017e0        0x0 ../nios2_tp2_bsp/\libhal_bsp.a(alt_errno.o)
 .bss           0x008017e0        0x0 ../nios2_tp2_bsp/\libhal_bsp.a(alt_icache_flush_all.o)
 .bss           0x008017e0        0x0 ../nios2_tp2_bsp/\libhal_bsp.a(alt_irq_entry.o)
 .bss           0x008017e0        0x0 ../nios2_tp2_bsp/\libhal_bsp.a(alt_irq_handler.o)
 .bss           0x008017e0        0x0 ../nios2_tp2_bsp/\libhal_bsp.a(altera_nios2_qsys_irq.o)
 .bss           0x008017e0        0x0 ../nios2_tp2_bsp/\libhal_bsp.a(alt_exception_entry.o)
 *(COMMON)
 COMMON         0x008017e0      0x100 ../nios2_tp2_bsp/\libhal_bsp.a(alt_irq_handler.o)
                0x008017e0                alt_irq
                0x008018e0                . = ALIGN (0x4)
                0x008018e0                __bss_end = ABSOLUTE (.)

.SDRAM_controller
                0x008018e0        0x0
                0x008018e0                PROVIDE (_alt_partition_SDRAM_controller_start, ABSOLUTE (.))
 *(.SDRAM_controller. SDRAM_controller.*)
                0x008018e0                . = ALIGN (0x4)
                0x008018e0                PROVIDE (_alt_partition_SDRAM_controller_end, ABSOLUTE (.))
                0x008018e0                _end = ABSOLUTE (.)
                0x008018e0                end = ABSOLUTE (.)
                0x008018e0                __alt_stack_base = ABSOLUTE (.)
                0x008018e0                PROVIDE (_alt_partition_SDRAM_controller_load_addr, LOADADDR (.SDRAM_controller))

.stab
 *(.stab)

.stabstr
 *(.stabstr)

.stab.excl
 *(.stab.excl)

.stab.exclstr
 *(.stab.exclstr)

.stab.index
 *(.stab.index)

.stab.indexstr
 *(.stab.indexstr)

.comment        0x00000000       0x26
 *(.comment)
 .comment       0x00000000       0x26 obj/default/hello_world_small.o
                                 0x27 (size before relaxing)
 .comment       0x00000000       0x27 c:/altera/13.0sp1/nios2eds/bin/gnu/h-i686-mingw32/bin/../lib/gcc/nios2-elf/4.1.2/mno-hw-mul\libgcc.a(lib2-divmod.o)
 .comment       0x00000000       0x27 c:/altera/13.0sp1/nios2eds/bin/gnu/h-i686-mingw32/bin/../lib/gcc/nios2-elf/4.1.2/../../../../nios2-elf/lib/mno-hw-mul\libsmallc.a(lib_a-printf.o)
 .comment       0x00000000       0x27 c:/altera/13.0sp1/nios2eds/bin/gnu/h-i686-mingw32/bin/../lib/gcc/nios2-elf/4.1.2/../../../../nios2-elf/lib/mno-hw-mul\libsmallc.a(lib_a-puts.o)
 .comment       0x00000000       0x27 c:/altera/13.0sp1/nios2eds/bin/gnu/h-i686-mingw32/bin/../lib/gcc/nios2-elf/4.1.2/../../../../nios2-elf/lib/mno-hw-mul\libsmallc.a(lib_a-strlen.o)
 .comment       0x00000000       0x27 c:/altera/13.0sp1/nios2eds/bin/gnu/h-i686-mingw32/bin/../lib/gcc/nios2-elf/4.1.2/../../../../nios2-elf/lib/mno-hw-mul\libsmallc.a(lib_a-vfprintf.o)
 .comment       0x00000000       0x27 c:/altera/13.0sp1/nios2eds/bin/gnu/h-i686-mingw32/bin/../lib/gcc/nios2-elf/4.1.2/../../../../nios2-elf/lib/mno-hw-mul\libsmallc.a(lib_a-fvwrite_small_dev.o)
 .comment       0x00000000       0x27 c:/altera/13.0sp1/nios2eds/bin/gnu/h-i686-mingw32/bin/../lib/gcc/nios2-elf/4.1.2/../../../../nios2-elf/lib/mno-hw-mul\libsmallc.a(lib_a-impure.o)
 .comment       0x00000000       0x27 c:/altera/13.0sp1/nios2eds/bin/gnu/h-i686-mingw32/bin/../lib/gcc/nios2-elf/4.1.2/../../../../nios2-elf/lib/mno-hw-mul\libsmallc.a(lib_a-writer.o)
 .comment       0x00000000       0x27 c:/altera/13.0sp1/nios2eds/bin/gnu/h-i686-mingw32/bin/../lib/gcc/nios2-elf/4.1.2/../../../../nios2-elf/lib/mno-hw-mul\libsmallc.a(lib_a-int_errno.o)
 .comment       0x00000000       0x27 c:/altera/13.0sp1/nios2eds/bin/gnu/h-i686-mingw32/bin/../lib/gcc/nios2-elf/4.1.2/mno-hw-mul\libgcc.a(lib2-mul.o)
 .comment       0x00000000       0x27 ../nios2_tp2_bsp/\libhal_bsp.a(alt_irq_register.o)
 .comment       0x00000000       0x27 ../nios2_tp2_bsp/\libhal_bsp.a(alt_irq_vars.o)
 .comment       0x00000000       0x27 ../nios2_tp2_bsp/\libhal_bsp.a(alt_load.o)
 .comment       0x00000000       0x27 ../nios2_tp2_bsp/\libhal_bsp.a(alt_main.o)
 .comment       0x00000000       0x27 ../nios2_tp2_bsp/\libhal_bsp.a(alt_usleep.o)
 .comment       0x00000000       0x27 ../nios2_tp2_bsp/\libhal_bsp.a(alt_write.o)
 .comment       0x00000000       0x27 ../nios2_tp2_bsp/\libhal_bsp.a(alt_sys_init.o)
 .comment       0x00000000       0x27 ../nios2_tp2_bsp/\libhal_bsp.a(altera_avalon_jtag_uart_write.o)
 .comment       0x00000000       0x27 ../nios2_tp2_bsp/\libhal_bsp.a(alt_busy_sleep.o)
 .comment       0x00000000       0x27 ../nios2_tp2_bsp/\libhal_bsp.a(alt_dcache_flush_all.o)
 .comment       0x00000000       0x27 ../nios2_tp2_bsp/\libhal_bsp.a(alt_dev.o)
 .comment       0x00000000       0x27 ../nios2_tp2_bsp/\libhal_bsp.a(alt_dev_llist_insert.o)
 .comment       0x00000000       0x27 ../nios2_tp2_bsp/\libhal_bsp.a(alt_errno.o)
 .comment       0x00000000       0x27 ../nios2_tp2_bsp/\libhal_bsp.a(alt_icache_flush_all.o)
 .comment       0x00000000       0x27 ../nios2_tp2_bsp/\libhal_bsp.a(alt_irq_handler.o)
 .comment       0x00000000       0x27 ../nios2_tp2_bsp/\libhal_bsp.a(altera_nios2_qsys_irq.o)

.debug
 *(.debug)

.line
 *(.line)

.debug_srcinfo
 *(.debug_srcinfo)

.debug_sfnames
 *(.debug_sfnames)

.debug_aranges  0x00000000      0x378
 *(.debug_aranges)
 .debug_aranges
                0x00000000       0x28 ../nios2_tp2_bsp//obj/HAL/src/crt0.o
 .debug_aranges
                0x00000028       0x20 obj/default/hello_world_small.o
 .debug_aranges
                0x00000048       0x20 c:/altera/13.0sp1/nios2eds/bin/gnu/h-i686-mingw32/bin/../lib/gcc/nios2-elf/4.1.2/mno-hw-mul\libgcc.a(lib2-divmod.o)
 .debug_aranges
                0x00000068       0x20 c:/altera/13.0sp1/nios2eds/bin/gnu/h-i686-mingw32/bin/../lib/gcc/nios2-elf/4.1.2/../../../../nios2-elf/lib/mno-hw-mul\libsmallc.a(lib_a-printf.o)
 .debug_aranges
                0x00000088       0x20 c:/altera/13.0sp1/nios2eds/bin/gnu/h-i686-mingw32/bin/../lib/gcc/nios2-elf/4.1.2/../../../../nios2-elf/lib/mno-hw-mul\libsmallc.a(lib_a-puts.o)
 .debug_aranges
                0x000000a8       0x20 c:/altera/13.0sp1/nios2eds/bin/gnu/h-i686-mingw32/bin/../lib/gcc/nios2-elf/4.1.2/../../../../nios2-elf/lib/mno-hw-mul\libsmallc.a(lib_a-strlen.o)
 .debug_aranges
                0x000000c8       0x20 c:/altera/13.0sp1/nios2eds/bin/gnu/h-i686-mingw32/bin/../lib/gcc/nios2-elf/4.1.2/../../../../nios2-elf/lib/mno-hw-mul\libsmallc.a(lib_a-vfprintf.o)
 .debug_aranges
                0x000000e8       0x20 c:/altera/13.0sp1/nios2eds/bin/gnu/h-i686-mingw32/bin/../lib/gcc/nios2-elf/4.1.2/../../../../nios2-elf/lib/mno-hw-mul\libsmallc.a(lib_a-fvwrite_small_dev.o)
 .debug_aranges
                0x00000108       0x20 c:/altera/13.0sp1/nios2eds/bin/gnu/h-i686-mingw32/bin/../lib/gcc/nios2-elf/4.1.2/../../../../nios2-elf/lib/mno-hw-mul\libsmallc.a(lib_a-writer.o)
 .debug_aranges
                0x00000128       0x20 c:/altera/13.0sp1/nios2eds/bin/gnu/h-i686-mingw32/bin/../lib/gcc/nios2-elf/4.1.2/mno-hw-mul\libgcc.a(lib2-mul.o)
 .debug_aranges
                0x00000148       0x20 ../nios2_tp2_bsp/\libhal_bsp.a(alt_irq_register.o)
 .debug_aranges
                0x00000168       0x20 ../nios2_tp2_bsp/\libhal_bsp.a(alt_load.o)
 .debug_aranges
                0x00000188       0x20 ../nios2_tp2_bsp/\libhal_bsp.a(alt_main.o)
 .debug_aranges
                0x000001a8       0x20 ../nios2_tp2_bsp/\libhal_bsp.a(alt_usleep.o)
 .debug_aranges
                0x000001c8       0x20 ../nios2_tp2_bsp/\libhal_bsp.a(alt_write.o)
 .debug_aranges
                0x000001e8       0x20 ../nios2_tp2_bsp/\libhal_bsp.a(alt_sys_init.o)
 .debug_aranges
                0x00000208       0x20 ../nios2_tp2_bsp/\libhal_bsp.a(altera_avalon_jtag_uart_write.o)
 .debug_aranges
                0x00000228       0x20 ../nios2_tp2_bsp/\libhal_bsp.a(alt_busy_sleep.o)
 .debug_aranges
                0x00000248       0x20 ../nios2_tp2_bsp/\libhal_bsp.a(alt_dcache_flush_all.o)
 .debug_aranges
                0x00000268       0x20 ../nios2_tp2_bsp/\libhal_bsp.a(alt_dev.o)
 .debug_aranges
                0x00000288       0x20 ../nios2_tp2_bsp/\libhal_bsp.a(alt_dev_llist_insert.o)
 .debug_aranges
                0x000002a8       0x20 ../nios2_tp2_bsp/\libhal_bsp.a(alt_icache_flush_all.o)
 .debug_aranges
                0x000002c8       0x30 ../nios2_tp2_bsp/\libhal_bsp.a(alt_irq_entry.o)
 .debug_aranges
                0x000002f8       0x28 ../nios2_tp2_bsp/\libhal_bsp.a(alt_irq_handler.o)
 .debug_aranges
                0x00000320       0x20 ../nios2_tp2_bsp/\libhal_bsp.a(altera_nios2_qsys_irq.o)
 .debug_aranges
                0x00000340       0x38 ../nios2_tp2_bsp/\libhal_bsp.a(alt_exception_entry.o)

.debug_pubnames
                0x00000000      0x556
 *(.debug_pubnames)
 .debug_pubnames
                0x00000000       0x9a obj/default/hello_world_small.o
 .debug_pubnames
                0x0000009a       0x48 c:/altera/13.0sp1/nios2eds/bin/gnu/h-i686-mingw32/bin/../lib/gcc/nios2-elf/4.1.2/mno-hw-mul\libgcc.a(lib2-divmod.o)
 .debug_pubnames
                0x000000e2       0x2b c:/altera/13.0sp1/nios2eds/bin/gnu/h-i686-mingw32/bin/../lib/gcc/nios2-elf/4.1.2/../../../../nios2-elf/lib/mno-hw-mul\libsmallc.a(lib_a-printf.o)
 .debug_pubnames
                0x0000010d       0x27 c:/altera/13.0sp1/nios2eds/bin/gnu/h-i686-mingw32/bin/../lib/gcc/nios2-elf/4.1.2/../../../../nios2-elf/lib/mno-hw-mul\libsmallc.a(lib_a-puts.o)
 .debug_pubnames
                0x00000134       0x1d c:/altera/13.0sp1/nios2eds/bin/gnu/h-i686-mingw32/bin/../lib/gcc/nios2-elf/4.1.2/../../../../nios2-elf/lib/mno-hw-mul\libsmallc.a(lib_a-strlen.o)
 .debug_pubnames
                0x00000151       0x45 c:/altera/13.0sp1/nios2eds/bin/gnu/h-i686-mingw32/bin/../lib/gcc/nios2-elf/4.1.2/../../../../nios2-elf/lib/mno-hw-mul\libsmallc.a(lib_a-vfprintf.o)
 .debug_pubnames
                0x00000196       0x2b c:/altera/13.0sp1/nios2eds/bin/gnu/h-i686-mingw32/bin/../lib/gcc/nios2-elf/4.1.2/../../../../nios2-elf/lib/mno-hw-mul\libsmallc.a(lib_a-fvwrite_small_dev.o)
 .debug_pubnames
                0x000001c1       0x39 c:/altera/13.0sp1/nios2eds/bin/gnu/h-i686-mingw32/bin/../lib/gcc/nios2-elf/4.1.2/../../../../nios2-elf/lib/mno-hw-mul\libsmallc.a(lib_a-impure.o)
 .debug_pubnames
                0x000001fa       0x1f c:/altera/13.0sp1/nios2eds/bin/gnu/h-i686-mingw32/bin/../lib/gcc/nios2-elf/4.1.2/../../../../nios2-elf/lib/mno-hw-mul\libsmallc.a(lib_a-writer.o)
 .debug_pubnames
                0x00000219       0x1c c:/altera/13.0sp1/nios2eds/bin/gnu/h-i686-mingw32/bin/../lib/gcc/nios2-elf/4.1.2/../../../../nios2-elf/lib/mno-hw-mul\libsmallc.a(lib_a-int_errno.o)
 .debug_pubnames
                0x00000235       0x1f c:/altera/13.0sp1/nios2eds/bin/gnu/h-i686-mingw32/bin/../lib/gcc/nios2-elf/4.1.2/mno-hw-mul\libgcc.a(lib2-mul.o)
 .debug_pubnames
                0x00000254       0x27 ../nios2_tp2_bsp/\libhal_bsp.a(alt_irq_register.o)
 .debug_pubnames
                0x0000027b       0x3b ../nios2_tp2_bsp/\libhal_bsp.a(alt_irq_vars.o)
 .debug_pubnames
                0x000002b6       0x1f ../nios2_tp2_bsp/\libhal_bsp.a(alt_load.o)
 .debug_pubnames
                0x000002d5       0x46 ../nios2_tp2_bsp/\libhal_bsp.a(alt_main.o)
 .debug_pubnames
                0x0000031b       0x1d ../nios2_tp2_bsp/\libhal_bsp.a(alt_usleep.o)
 .debug_pubnames
                0x00000338       0x1c ../nios2_tp2_bsp/\libhal_bsp.a(alt_write.o)
 .debug_pubnames
                0x00000354       0x42 ../nios2_tp2_bsp/\libhal_bsp.a(alt_sys_init.o)
 .debug_pubnames
                0x00000396       0x34 ../nios2_tp2_bsp/\libhal_bsp.a(altera_avalon_jtag_uart_write.o)
 .debug_pubnames
                0x000003ca       0x25 ../nios2_tp2_bsp/\libhal_bsp.a(alt_busy_sleep.o)
 .debug_pubnames
                0x000003ef       0x2b ../nios2_tp2_bsp/\libhal_bsp.a(alt_dcache_flush_all.o)
 .debug_pubnames
                0x0000041a       0x63 ../nios2_tp2_bsp/\libhal_bsp.a(alt_dev.o)
 .debug_pubnames
                0x0000047d       0x2b ../nios2_tp2_bsp/\libhal_bsp.a(alt_dev_llist_insert.o)
 .debug_pubnames
                0x000004a8       0x20 ../nios2_tp2_bsp/\libhal_bsp.a(alt_errno.o)
 .debug_pubnames
                0x000004c8       0x2b ../nios2_tp2_bsp/\libhal_bsp.a(alt_icache_flush_all.o)
 .debug_pubnames
                0x000004f3       0x32 ../nios2_tp2_bsp/\libhal_bsp.a(alt_irq_handler.o)
 .debug_pubnames
                0x00000525       0x31 ../nios2_tp2_bsp/\libhal_bsp.a(altera_nios2_qsys_irq.o)

.debug_info     0x00000000     0x4b75
 *(.debug_info .gnu.linkonce.wi.*)
 .debug_info    0x00000000       0x57 ../nios2_tp2_bsp//obj/HAL/src/crt0.o
 .debug_info    0x00000057      0x201 obj/default/hello_world_small.o
 .debug_info    0x00000258      0x21c c:/altera/13.0sp1/nios2eds/bin/gnu/h-i686-mingw32/bin/../lib/gcc/nios2-elf/4.1.2/mno-hw-mul\libgcc.a(lib2-divmod.o)
 .debug_info    0x00000474      0x6c8 c:/altera/13.0sp1/nios2eds/bin/gnu/h-i686-mingw32/bin/../lib/gcc/nios2-elf/4.1.2/../../../../nios2-elf/lib/mno-hw-mul\libsmallc.a(lib_a-printf.o)
 .debug_info    0x00000b3c      0x685 c:/altera/13.0sp1/nios2eds/bin/gnu/h-i686-mingw32/bin/../lib/gcc/nios2-elf/4.1.2/../../../../nios2-elf/lib/mno-hw-mul\libsmallc.a(lib_a-puts.o)
 .debug_info    0x000011c1       0xc2 c:/altera/13.0sp1/nios2eds/bin/gnu/h-i686-mingw32/bin/../lib/gcc/nios2-elf/4.1.2/../../../../nios2-elf/lib/mno-hw-mul\libsmallc.a(lib_a-strlen.o)
 .debug_info    0x00001283      0x9b6 c:/altera/13.0sp1/nios2eds/bin/gnu/h-i686-mingw32/bin/../lib/gcc/nios2-elf/4.1.2/../../../../nios2-elf/lib/mno-hw-mul\libsmallc.a(lib_a-vfprintf.o)
 .debug_info    0x00001c39      0x68e c:/altera/13.0sp1/nios2eds/bin/gnu/h-i686-mingw32/bin/../lib/gcc/nios2-elf/4.1.2/../../../../nios2-elf/lib/mno-hw-mul\libsmallc.a(lib_a-fvwrite_small_dev.o)
 .debug_info    0x000022c7      0x636 c:/altera/13.0sp1/nios2eds/bin/gnu/h-i686-mingw32/bin/../lib/gcc/nios2-elf/4.1.2/../../../../nios2-elf/lib/mno-hw-mul\libsmallc.a(lib_a-impure.o)
 .debug_info    0x000028fd      0x68c c:/altera/13.0sp1/nios2eds/bin/gnu/h-i686-mingw32/bin/../lib/gcc/nios2-elf/4.1.2/../../../../nios2-elf/lib/mno-hw-mul\libsmallc.a(lib_a-writer.o)
 .debug_info    0x00002f89       0x8c c:/altera/13.0sp1/nios2eds/bin/gnu/h-i686-mingw32/bin/../lib/gcc/nios2-elf/4.1.2/../../../../nios2-elf/lib/mno-hw-mul\libsmallc.a(lib_a-int_errno.o)
 .debug_info    0x00003015       0xf3 c:/altera/13.0sp1/nios2eds/bin/gnu/h-i686-mingw32/bin/../lib/gcc/nios2-elf/4.1.2/mno-hw-mul\libgcc.a(lib2-mul.o)
 .debug_info    0x00003108      0x2f9 ../nios2_tp2_bsp/\libhal_bsp.a(alt_irq_register.o)
 .debug_info    0x00003401       0x92 ../nios2_tp2_bsp/\libhal_bsp.a(alt_irq_vars.o)
 .debug_info    0x00003493      0x12e ../nios2_tp2_bsp/\libhal_bsp.a(alt_load.o)
 .debug_info    0x000035c1      0x14f ../nios2_tp2_bsp/\libhal_bsp.a(alt_main.o)
 .debug_info    0x00003710       0xab ../nios2_tp2_bsp/\libhal_bsp.a(alt_usleep.o)
 .debug_info    0x000037bb      0x179 ../nios2_tp2_bsp/\libhal_bsp.a(alt_write.o)
 .debug_info    0x00003934      0x44f ../nios2_tp2_bsp/\libhal_bsp.a(alt_sys_init.o)
 .debug_info    0x00003d83      0x1a9 ../nios2_tp2_bsp/\libhal_bsp.a(altera_avalon_jtag_uart_write.o)
 .debug_info    0x00003f2c       0xd0 ../nios2_tp2_bsp/\libhal_bsp.a(alt_busy_sleep.o)
 .debug_info    0x00003ffc       0x8d ../nios2_tp2_bsp/\libhal_bsp.a(alt_dcache_flush_all.o)
 .debug_info    0x00004089      0x4dd ../nios2_tp2_bsp/\libhal_bsp.a(alt_dev.o)
 .debug_info    0x00004566      0x1b7 ../nios2_tp2_bsp/\libhal_bsp.a(alt_dev_llist_insert.o)
 .debug_info    0x0000471d       0xab ../nios2_tp2_bsp/\libhal_bsp.a(alt_errno.o)
 .debug_info    0x000047c8       0x8d ../nios2_tp2_bsp/\libhal_bsp.a(alt_icache_flush_all.o)
 .debug_info    0x00004855       0x60 ../nios2_tp2_bsp/\libhal_bsp.a(alt_irq_entry.o)
 .debug_info    0x000048b5      0x1a3 ../nios2_tp2_bsp/\libhal_bsp.a(alt_irq_handler.o)
 .debug_info    0x00004a58       0xb7 ../nios2_tp2_bsp/\libhal_bsp.a(altera_nios2_qsys_irq.o)
 .debug_info    0x00004b0f       0x66 ../nios2_tp2_bsp/\libhal_bsp.a(alt_exception_entry.o)

.debug_abbrev   0x00000000     0x185d
 *(.debug_abbrev)
 .debug_abbrev  0x00000000       0x12 ../nios2_tp2_bsp//obj/HAL/src/crt0.o
 .debug_abbrev  0x00000012      0x11f obj/default/hello_world_small.o
 .debug_abbrev  0x00000131       0xe0 c:/altera/13.0sp1/nios2eds/bin/gnu/h-i686-mingw32/bin/../lib/gcc/nios2-elf/4.1.2/mno-hw-mul\libgcc.a(lib2-divmod.o)
 .debug_abbrev  0x00000211      0x179 c:/altera/13.0sp1/nios2eds/bin/gnu/h-i686-mingw32/bin/../lib/gcc/nios2-elf/4.1.2/../../../../nios2-elf/lib/mno-hw-mul\libsmallc.a(lib_a-printf.o)
 .debug_abbrev  0x0000038a      0x180 c:/altera/13.0sp1/nios2eds/bin/gnu/h-i686-mingw32/bin/../lib/gcc/nios2-elf/4.1.2/../../../../nios2-elf/lib/mno-hw-mul\libsmallc.a(lib_a-puts.o)
 .debug_abbrev  0x0000050a       0x7a c:/altera/13.0sp1/nios2eds/bin/gnu/h-i686-mingw32/bin/../lib/gcc/nios2-elf/4.1.2/../../../../nios2-elf/lib/mno-hw-mul\libsmallc.a(lib_a-strlen.o)
 .debug_abbrev  0x00000584      0x263 c:/altera/13.0sp1/nios2eds/bin/gnu/h-i686-mingw32/bin/../lib/gcc/nios2-elf/4.1.2/../../../../nios2-elf/lib/mno-hw-mul\libsmallc.a(lib_a-vfprintf.o)
 .debug_abbrev  0x000007e7      0x179 c:/altera/13.0sp1/nios2eds/bin/gnu/h-i686-mingw32/bin/../lib/gcc/nios2-elf/4.1.2/../../../../nios2-elf/lib/mno-hw-mul\libsmallc.a(lib_a-fvwrite_small_dev.o)
 .debug_abbrev  0x00000960      0x13f c:/altera/13.0sp1/nios2eds/bin/gnu/h-i686-mingw32/bin/../lib/gcc/nios2-elf/4.1.2/../../../../nios2-elf/lib/mno-hw-mul\libsmallc.a(lib_a-impure.o)
 .debug_abbrev  0x00000a9f      0x16c c:/altera/13.0sp1/nios2eds/bin/gnu/h-i686-mingw32/bin/../lib/gcc/nios2-elf/4.1.2/../../../../nios2-elf/lib/mno-hw-mul\libsmallc.a(lib_a-writer.o)
 .debug_abbrev  0x00000c0b       0x3b c:/altera/13.0sp1/nios2eds/bin/gnu/h-i686-mingw32/bin/../lib/gcc/nios2-elf/4.1.2/../../../../nios2-elf/lib/mno-hw-mul\libsmallc.a(lib_a-int_errno.o)
 .debug_abbrev  0x00000c46       0x7b c:/altera/13.0sp1/nios2eds/bin/gnu/h-i686-mingw32/bin/../lib/gcc/nios2-elf/4.1.2/mno-hw-mul\libgcc.a(lib2-mul.o)
 .debug_abbrev  0x00000cc1      0x190 ../nios2_tp2_bsp/\libhal_bsp.a(alt_irq_register.o)
 .debug_abbrev  0x00000e51       0x44 ../nios2_tp2_bsp/\libhal_bsp.a(alt_irq_vars.o)
 .debug_abbrev  0x00000e95       0x97 ../nios2_tp2_bsp/\libhal_bsp.a(alt_load.o)
 .debug_abbrev  0x00000f2c       0xad ../nios2_tp2_bsp/\libhal_bsp.a(alt_main.o)
 .debug_abbrev  0x00000fd9       0x5d ../nios2_tp2_bsp/\libhal_bsp.a(alt_usleep.o)
 .debug_abbrev  0x00001036       0xdd ../nios2_tp2_bsp/\libhal_bsp.a(alt_write.o)
 .debug_abbrev  0x00001113      0x15f ../nios2_tp2_bsp/\libhal_bsp.a(alt_sys_init.o)
 .debug_abbrev  0x00001272       0xf0 ../nios2_tp2_bsp/\libhal_bsp.a(altera_avalon_jtag_uart_write.o)
 .debug_abbrev  0x00001362       0x79 ../nios2_tp2_bsp/\libhal_bsp.a(alt_busy_sleep.o)
 .debug_abbrev  0x000013db       0x3f ../nios2_tp2_bsp/\libhal_bsp.a(alt_dcache_flush_all.o)
 .debug_abbrev  0x0000141a       0xd6 ../nios2_tp2_bsp/\libhal_bsp.a(alt_dev.o)
 .debug_abbrev  0x000014f0      0x117 ../nios2_tp2_bsp/\libhal_bsp.a(alt_dev_llist_insert.o)
 .debug_abbrev  0x00001607       0x5e ../nios2_tp2_bsp/\libhal_bsp.a(alt_errno.o)
 .debug_abbrev  0x00001665       0x3f ../nios2_tp2_bsp/\libhal_bsp.a(alt_icache_flush_all.o)
 .debug_abbrev  0x000016a4       0x12 ../nios2_tp2_bsp/\libhal_bsp.a(alt_irq_entry.o)
 .debug_abbrev  0x000016b6      0x131 ../nios2_tp2_bsp/\libhal_bsp.a(alt_irq_handler.o)
 .debug_abbrev  0x000017e7       0x64 ../nios2_tp2_bsp/\libhal_bsp.a(altera_nios2_qsys_irq.o)
 .debug_abbrev  0x0000184b       0x12 ../nios2_tp2_bsp/\libhal_bsp.a(alt_exception_entry.o)

.debug_line     0x00000000     0x431b
 *(.debug_line)
 .debug_line    0x00000000       0x66 ../nios2_tp2_bsp//obj/HAL/src/crt0.o
 .debug_line    0x00000066      0x392 obj/default/hello_world_small.o
 .debug_line    0x000003f8      0x24f c:/altera/13.0sp1/nios2eds/bin/gnu/h-i686-mingw32/bin/../lib/gcc/nios2-elf/4.1.2/mno-hw-mul\libgcc.a(lib2-divmod.o)
 .debug_line    0x00000647      0x2be c:/altera/13.0sp1/nios2eds/bin/gnu/h-i686-mingw32/bin/../lib/gcc/nios2-elf/4.1.2/../../../../nios2-elf/lib/mno-hw-mul\libsmallc.a(lib_a-printf.o)
 .debug_line    0x00000905      0x2b2 c:/altera/13.0sp1/nios2eds/bin/gnu/h-i686-mingw32/bin/../lib/gcc/nios2-elf/4.1.2/../../../../nios2-elf/lib/mno-hw-mul\libsmallc.a(lib_a-puts.o)
 .debug_line    0x00000bb7      0x250 c:/altera/13.0sp1/nios2eds/bin/gnu/h-i686-mingw32/bin/../lib/gcc/nios2-elf/4.1.2/../../../../nios2-elf/lib/mno-hw-mul\libsmallc.a(lib_a-strlen.o)
 .debug_line    0x00000e07      0x666 c:/altera/13.0sp1/nios2eds/bin/gnu/h-i686-mingw32/bin/../lib/gcc/nios2-elf/4.1.2/../../../../nios2-elf/lib/mno-hw-mul\libsmallc.a(lib_a-vfprintf.o)
 .debug_line    0x0000146d      0x2a9 c:/altera/13.0sp1/nios2eds/bin/gnu/h-i686-mingw32/bin/../lib/gcc/nios2-elf/4.1.2/../../../../nios2-elf/lib/mno-hw-mul\libsmallc.a(lib_a-fvwrite_small_dev.o)
 .debug_line    0x00001716      0x230 c:/altera/13.0sp1/nios2eds/bin/gnu/h-i686-mingw32/bin/../lib/gcc/nios2-elf/4.1.2/../../../../nios2-elf/lib/mno-hw-mul\libsmallc.a(lib_a-impure.o)
 .debug_line    0x00001946      0x29d c:/altera/13.0sp1/nios2eds/bin/gnu/h-i686-mingw32/bin/../lib/gcc/nios2-elf/4.1.2/../../../../nios2-elf/lib/mno-hw-mul\libsmallc.a(lib_a-writer.o)
 .debug_line    0x00001be3      0x1e2 c:/altera/13.0sp1/nios2eds/bin/gnu/h-i686-mingw32/bin/../lib/gcc/nios2-elf/4.1.2/../../../../nios2-elf/lib/mno-hw-mul\libsmallc.a(lib_a-int_errno.o)
 .debug_line    0x00001dc5      0x11a c:/altera/13.0sp1/nios2eds/bin/gnu/h-i686-mingw32/bin/../lib/gcc/nios2-elf/4.1.2/mno-hw-mul\libgcc.a(lib2-mul.o)
 .debug_line    0x00001edf      0x292 ../nios2_tp2_bsp/\libhal_bsp.a(alt_irq_register.o)
 .debug_line    0x00002171       0x72 ../nios2_tp2_bsp/\libhal_bsp.a(alt_irq_vars.o)
 .debug_line    0x000021e3      0x217 ../nios2_tp2_bsp/\libhal_bsp.a(alt_load.o)
 .debug_line    0x000023fa      0x2d6 ../nios2_tp2_bsp/\libhal_bsp.a(alt_main.o)
 .debug_line    0x000026d0      0x202 ../nios2_tp2_bsp/\libhal_bsp.a(alt_usleep.o)
 .debug_line    0x000028d2      0x2ab ../nios2_tp2_bsp/\libhal_bsp.a(alt_write.o)
 .debug_line    0x00002b7d      0x33c ../nios2_tp2_bsp/\libhal_bsp.a(alt_sys_init.o)
 .debug_line    0x00002eb9      0x30b ../nios2_tp2_bsp/\libhal_bsp.a(altera_avalon_jtag_uart_write.o)
 .debug_line    0x000031c4      0x25e ../nios2_tp2_bsp/\libhal_bsp.a(alt_busy_sleep.o)
 .debug_line    0x00003422      0x1b5 ../nios2_tp2_bsp/\libhal_bsp.a(alt_dcache_flush_all.o)
 .debug_line    0x000035d7      0x24c ../nios2_tp2_bsp/\libhal_bsp.a(alt_dev.o)
 .debug_line    0x00003823      0x25c ../nios2_tp2_bsp/\libhal_bsp.a(alt_dev_llist_insert.o)
 .debug_line    0x00003a7f      0x1aa ../nios2_tp2_bsp/\libhal_bsp.a(alt_errno.o)
 .debug_line    0x00003c29      0x1b5 ../nios2_tp2_bsp/\libhal_bsp.a(alt_icache_flush_all.o)
 .debug_line    0x00003dde       0x6b ../nios2_tp2_bsp/\libhal_bsp.a(alt_irq_entry.o)
 .debug_line    0x00003e49      0x240 ../nios2_tp2_bsp/\libhal_bsp.a(alt_irq_handler.o)
 .debug_line    0x00004089      0x1e7 ../nios2_tp2_bsp/\libhal_bsp.a(altera_nios2_qsys_irq.o)
 .debug_line    0x00004270       0xab ../nios2_tp2_bsp/\libhal_bsp.a(alt_exception_entry.o)

.debug_frame    0x00000000      0x478
 *(.debug_frame)
 .debug_frame   0x00000000       0x5c obj/default/hello_world_small.o
 .debug_frame   0x0000005c       0x70 c:/altera/13.0sp1/nios2eds/bin/gnu/h-i686-mingw32/bin/../lib/gcc/nios2-elf/4.1.2/mno-hw-mul\libgcc.a(lib2-divmod.o)
 .debug_frame   0x000000cc       0x40 c:/altera/13.0sp1/nios2eds/bin/gnu/h-i686-mingw32/bin/../lib/gcc/nios2-elf/4.1.2/../../../../nios2-elf/lib/mno-hw-mul\libsmallc.a(lib_a-printf.o)
 .debug_frame   0x0000010c       0x3c c:/altera/13.0sp1/nios2eds/bin/gnu/h-i686-mingw32/bin/../lib/gcc/nios2-elf/4.1.2/../../../../nios2-elf/lib/mno-hw-mul\libsmallc.a(lib_a-puts.o)
 .debug_frame   0x00000148       0x20 c:/altera/13.0sp1/nios2eds/bin/gnu/h-i686-mingw32/bin/../lib/gcc/nios2-elf/4.1.2/../../../../nios2-elf/lib/mno-hw-mul\libsmallc.a(lib_a-strlen.o)
 .debug_frame   0x00000168       0x64 c:/altera/13.0sp1/nios2eds/bin/gnu/h-i686-mingw32/bin/../lib/gcc/nios2-elf/4.1.2/../../../../nios2-elf/lib/mno-hw-mul\libsmallc.a(lib_a-vfprintf.o)
 .debug_frame   0x000001cc       0x30 c:/altera/13.0sp1/nios2eds/bin/gnu/h-i686-mingw32/bin/../lib/gcc/nios2-elf/4.1.2/../../../../nios2-elf/lib/mno-hw-mul\libsmallc.a(lib_a-fvwrite_small_dev.o)
 .debug_frame   0x000001fc       0x2c c:/altera/13.0sp1/nios2eds/bin/gnu/h-i686-mingw32/bin/../lib/gcc/nios2-elf/4.1.2/../../../../nios2-elf/lib/mno-hw-mul\libsmallc.a(lib_a-writer.o)
 .debug_frame   0x00000228       0x20 c:/altera/13.0sp1/nios2eds/bin/gnu/h-i686-mingw32/bin/../lib/gcc/nios2-elf/4.1.2/mno-hw-mul\libgcc.a(lib2-mul.o)
 .debug_frame   0x00000248       0x20 ../nios2_tp2_bsp/\libhal_bsp.a(alt_irq_register.o)
 .debug_frame   0x00000268       0x38 ../nios2_tp2_bsp/\libhal_bsp.a(alt_load.o)
 .debug_frame   0x000002a0       0x28 ../nios2_tp2_bsp/\libhal_bsp.a(alt_main.o)
 .debug_frame   0x000002c8       0x20 ../nios2_tp2_bsp/\libhal_bsp.a(alt_usleep.o)
 .debug_frame   0x000002e8       0x28 ../nios2_tp2_bsp/\libhal_bsp.a(alt_write.o)
 .debug_frame   0x00000310       0x50 ../nios2_tp2_bsp/\libhal_bsp.a(alt_sys_init.o)
 .debug_frame   0x00000360       0x20 ../nios2_tp2_bsp/\libhal_bsp.a(altera_avalon_jtag_uart_write.o)
 .debug_frame   0x00000380       0x28 ../nios2_tp2_bsp/\libhal_bsp.a(alt_busy_sleep.o)
 .debug_frame   0x000003a8       0x20 ../nios2_tp2_bsp/\libhal_bsp.a(alt_dcache_flush_all.o)
 .debug_frame   0x000003c8       0x20 ../nios2_tp2_bsp/\libhal_bsp.a(alt_dev.o)
 .debug_frame   0x000003e8       0x28 ../nios2_tp2_bsp/\libhal_bsp.a(alt_dev_llist_insert.o)
 .debug_frame   0x00000410       0x20 ../nios2_tp2_bsp/\libhal_bsp.a(alt_icache_flush_all.o)
 .debug_frame   0x00000430       0x28 ../nios2_tp2_bsp/\libhal_bsp.a(alt_irq_handler.o)
 .debug_frame   0x00000458       0x20 ../nios2_tp2_bsp/\libhal_bsp.a(altera_nios2_qsys_irq.o)

.debug_str      0x00000000     0x118c
 *(.debug_str)
 .debug_str     0x00000000      0x123 obj/default/hello_world_small.o
                                0x169 (size before relaxing)
 .debug_str     0x00000123      0x10b c:/altera/13.0sp1/nios2eds/bin/gnu/h-i686-mingw32/bin/../lib/gcc/nios2-elf/4.1.2/mno-hw-mul\libgcc.a(lib2-divmod.o)
                                0x1b4 (size before relaxing)
 .debug_str     0x0000022e      0x39c c:/altera/13.0sp1/nios2eds/bin/gnu/h-i686-mingw32/bin/../lib/gcc/nios2-elf/4.1.2/../../../../nios2-elf/lib/mno-hw-mul\libsmallc.a(lib_a-printf.o)
                                0x466 (size before relaxing)
 .debug_str     0x000005ca       0x48 c:/altera/13.0sp1/nios2eds/bin/gnu/h-i686-mingw32/bin/../lib/gcc/nios2-elf/4.1.2/../../../../nios2-elf/lib/mno-hw-mul\libsmallc.a(lib_a-puts.o)
                                0x450 (size before relaxing)
 .debug_str     0x00000612       0xe2 c:/altera/13.0sp1/nios2eds/bin/gnu/h-i686-mingw32/bin/../lib/gcc/nios2-elf/4.1.2/../../../../nios2-elf/lib/mno-hw-mul\libsmallc.a(lib_a-strlen.o)
                                0x184 (size before relaxing)
 .debug_str     0x000006f4      0x162 c:/altera/13.0sp1/nios2eds/bin/gnu/h-i686-mingw32/bin/../lib/gcc/nios2-elf/4.1.2/../../../../nios2-elf/lib/mno-hw-mul\libsmallc.a(lib_a-vfprintf.o)
                                0x5af (size before relaxing)
 .debug_str     0x00000856       0x70 c:/altera/13.0sp1/nios2eds/bin/gnu/h-i686-mingw32/bin/../lib/gcc/nios2-elf/4.1.2/../../../../nios2-elf/lib/mno-hw-mul\libsmallc.a(lib_a-fvwrite_small_dev.o)
                                0x46a (size before relaxing)
 .debug_str     0x000008c6       0xf8 c:/altera/13.0sp1/nios2eds/bin/gnu/h-i686-mingw32/bin/../lib/gcc/nios2-elf/4.1.2/../../../../nios2-elf/lib/mno-hw-mul\libsmallc.a(lib_a-impure.o)
                                0x45d (size before relaxing)
 .debug_str     0x000009be       0x4f c:/altera/13.0sp1/nios2eds/bin/gnu/h-i686-mingw32/bin/../lib/gcc/nios2-elf/4.1.2/../../../../nios2-elf/lib/mno-hw-mul\libsmallc.a(lib_a-writer.o)
                                0x451 (size before relaxing)
 .debug_str     0x00000a0d       0x40 c:/altera/13.0sp1/nios2eds/bin/gnu/h-i686-mingw32/bin/../lib/gcc/nios2-elf/4.1.2/../../../../nios2-elf/lib/mno-hw-mul\libsmallc.a(lib_a-int_errno.o)
                                0x177 (size before relaxing)
 .debug_str     0x00000a4d       0x37 c:/altera/13.0sp1/nios2eds/bin/gnu/h-i686-mingw32/bin/../lib/gcc/nios2-elf/4.1.2/mno-hw-mul\libgcc.a(lib2-mul.o)
                                0x175 (size before relaxing)
 .debug_str     0x00000a84       0xd4 ../nios2_tp2_bsp/\libhal_bsp.a(alt_irq_register.o)
                                0x1a2 (size before relaxing)
 .debug_str     0x00000b58       0x17 ../nios2_tp2_bsp/\libhal_bsp.a(alt_irq_vars.o)
                                 0xe9 (size before relaxing)
 .debug_str     0x00000b6f       0xe9 ../nios2_tp2_bsp/\libhal_bsp.a(alt_load.o)
                                0x1ac (size before relaxing)
 .debug_str     0x00000c58       0x70 ../nios2_tp2_bsp/\libhal_bsp.a(alt_main.o)
                                0x159 (size before relaxing)
 .debug_str     0x00000cc8       0x27 ../nios2_tp2_bsp/\libhal_bsp.a(alt_usleep.o)
                                 0xe2 (size before relaxing)
 .debug_str     0x00000cef       0x56 ../nios2_tp2_bsp/\libhal_bsp.a(alt_write.o)
                                0x15a (size before relaxing)
 .debug_str     0x00000d45      0x145 ../nios2_tp2_bsp/\libhal_bsp.a(alt_sys_init.o)
                                0x29a (size before relaxing)
 .debug_str     0x00000e8a       0x4a ../nios2_tp2_bsp/\libhal_bsp.a(altera_avalon_jtag_uart_write.o)
                                0x1c9 (size before relaxing)
 .debug_str     0x00000ed4       0x42 ../nios2_tp2_bsp/\libhal_bsp.a(alt_busy_sleep.o)
                                0x105 (size before relaxing)
 .debug_str     0x00000f16       0x34 ../nios2_tp2_bsp/\libhal_bsp.a(alt_dcache_flush_all.o)
                                 0xef (size before relaxing)
 .debug_str     0x00000f4a      0x12c ../nios2_tp2_bsp/\libhal_bsp.a(alt_dev.o)
                                0x29f (size before relaxing)
 .debug_str     0x00001076       0x59 ../nios2_tp2_bsp/\libhal_bsp.a(alt_dev_llist_insert.o)
                                0x166 (size before relaxing)
 .debug_str     0x000010cf       0x14 ../nios2_tp2_bsp/\libhal_bsp.a(alt_errno.o)
                                 0xdf (size before relaxing)
 .debug_str     0x000010e3       0x34 ../nios2_tp2_bsp/\libhal_bsp.a(alt_icache_flush_all.o)
                                 0xef (size before relaxing)
 .debug_str     0x00001117       0x3a ../nios2_tp2_bsp/\libhal_bsp.a(alt_irq_handler.o)
                                0x152 (size before relaxing)
 .debug_str     0x00001151       0x3b ../nios2_tp2_bsp/\libhal_bsp.a(altera_nios2_qsys_irq.o)
                                0x11f (size before relaxing)

.debug_loc      0x00000000     0x1162
 *(.debug_loc)
 .debug_loc     0x00000000       0x98 obj/default/hello_world_small.o
 .debug_loc     0x00000098      0x1d2 c:/altera/13.0sp1/nios2eds/bin/gnu/h-i686-mingw32/bin/../lib/gcc/nios2-elf/4.1.2/mno-hw-mul\libgcc.a(lib2-divmod.o)
 .debug_loc     0x0000026a       0x8d c:/altera/13.0sp1/nios2eds/bin/gnu/h-i686-mingw32/bin/../lib/gcc/nios2-elf/4.1.2/../../../../nios2-elf/lib/mno-hw-mul\libsmallc.a(lib_a-printf.o)
 .debug_loc     0x000002f7       0xa2 c:/altera/13.0sp1/nios2eds/bin/gnu/h-i686-mingw32/bin/../lib/gcc/nios2-elf/4.1.2/../../../../nios2-elf/lib/mno-hw-mul\libsmallc.a(lib_a-puts.o)
 .debug_loc     0x00000399       0x1e c:/altera/13.0sp1/nios2eds/bin/gnu/h-i686-mingw32/bin/../lib/gcc/nios2-elf/4.1.2/../../../../nios2-elf/lib/mno-hw-mul\libsmallc.a(lib_a-strlen.o)
 .debug_loc     0x000003b7      0x878 c:/altera/13.0sp1/nios2eds/bin/gnu/h-i686-mingw32/bin/../lib/gcc/nios2-elf/4.1.2/../../../../nios2-elf/lib/mno-hw-mul\libsmallc.a(lib_a-vfprintf.o)
 .debug_loc     0x00000c2f      0x162 c:/altera/13.0sp1/nios2eds/bin/gnu/h-i686-mingw32/bin/../lib/gcc/nios2-elf/4.1.2/../../../../nios2-elf/lib/mno-hw-mul\libsmallc.a(lib_a-fvwrite_small_dev.o)
 .debug_loc     0x00000d91       0x97 c:/altera/13.0sp1/nios2eds/bin/gnu/h-i686-mingw32/bin/../lib/gcc/nios2-elf/4.1.2/../../../../nios2-elf/lib/mno-hw-mul\libsmallc.a(lib_a-writer.o)
 .debug_loc     0x00000e28       0x4f c:/altera/13.0sp1/nios2eds/bin/gnu/h-i686-mingw32/bin/../lib/gcc/nios2-elf/4.1.2/mno-hw-mul\libgcc.a(lib2-mul.o)
 .debug_loc     0x00000e77       0x52 ../nios2_tp2_bsp/\libhal_bsp.a(alt_irq_register.o)
 .debug_loc     0x00000ec9       0x1f ../nios2_tp2_bsp/\libhal_bsp.a(alt_load.o)
 .debug_loc     0x00000ee8       0x1f ../nios2_tp2_bsp/\libhal_bsp.a(alt_main.o)
 .debug_loc     0x00000f07       0x13 ../nios2_tp2_bsp/\libhal_bsp.a(alt_usleep.o)
 .debug_loc     0x00000f1a       0x9a ../nios2_tp2_bsp/\libhal_bsp.a(alt_write.o)
 .debug_loc     0x00000fb4       0x64 ../nios2_tp2_bsp/\libhal_bsp.a(alt_sys_init.o)
 .debug_loc     0x00001018       0x26 ../nios2_tp2_bsp/\libhal_bsp.a(altera_avalon_jtag_uart_write.o)
 .debug_loc     0x0000103e       0x50 ../nios2_tp2_bsp/\libhal_bsp.a(alt_busy_sleep.o)
 .debug_loc     0x0000108e       0x5b ../nios2_tp2_bsp/\libhal_bsp.a(alt_dev_llist_insert.o)
 .debug_loc     0x000010e9       0x79 ../nios2_tp2_bsp/\libhal_bsp.a(alt_irq_handler.o)

.debug_macinfo
 *(.debug_macinfo)

.debug_weaknames
 *(.debug_weaknames)

.debug_funcnames
 *(.debug_funcnames)

.debug_typenames
 *(.debug_typenames)

.debug_varnames
 *(.debug_varnames)

.debug_alt_sim_info
                0x00000000       0x40
 *(.debug_alt_sim_info)
 .debug_alt_sim_info
                0x00000000       0x10 ../nios2_tp2_bsp//obj/HAL/src/crt0.o
 .debug_alt_sim_info
                0x00000010       0x30 ../nios2_tp2_bsp/\libhal_bsp.a(alt_busy_sleep.o)
                0x01000000                __alt_data_end = 0x1000000
                0x01000000                PROVIDE (__alt_stack_pointer, __alt_data_end)
                0x008018e0                PROVIDE (__alt_stack_limit, __alt_stack_base)
                0x008018e0                PROVIDE (__alt_heap_start, end)
                0x01000000                PROVIDE (__alt_heap_limit, 0x1000000)
OUTPUT(nios2_tp2.elf elf32-littlenios2)

.debug_ranges   0x00000000      0x1e8
 .debug_ranges  0x00000000       0x20 ../nios2_tp2_bsp//obj/HAL/src/crt0.o
 .debug_ranges  0x00000020      0x140 c:/altera/13.0sp1/nios2eds/bin/gnu/h-i686-mingw32/bin/../lib/gcc/nios2-elf/4.1.2/../../../../nios2-elf/lib/mno-hw-mul\libsmallc.a(lib_a-vfprintf.o)
 .debug_ranges  0x00000160       0x18 ../nios2_tp2_bsp/\libhal_bsp.a(alt_dev_llist_insert.o)
 .debug_ranges  0x00000178       0x28 ../nios2_tp2_bsp/\libhal_bsp.a(alt_irq_entry.o)
 .debug_ranges  0x000001a0       0x18 ../nios2_tp2_bsp/\libhal_bsp.a(alt_irq_handler.o)
 .debug_ranges  0x000001b8       0x30 ../nios2_tp2_bsp/\libhal_bsp.a(alt_exception_entry.o)
